../Core/Src/main.c:91:5:main	8	static
../Core/Src/main.c:148:6:SystemClock_Config	88	static
../Core/Src/main.c:186:6:ProcessCAN_MSG	32	static
../Core/Src/main.c:204:6:SendCAN_MSG	32	static
../Core/Src/main.c:223:6:Process_data_task	1192	static
../Core/Src/main.c:246:6:HAL_CAN_RxFifo0MsgPendingCallback	40	static
../Core/Src/main.c:263:6:sendCanMsg_test	32	static
../Core/Src/main.c:282:6:calculate_analog	24	static
../Core/Src/main.c:292:6:calculate_RMS	40	static
../Core/Src/main.c:307:6:calculate_Phase	16	static
../Core/Src/main.c:312:6:fill_data	24	static
../Core/Src/main.c:319:6:send_sensor_data	40	static
../Core/Src/main.c:345:6:HAL_TIM_PeriodElapsedCallback	24	static
../Core/Src/main.c:381:6:Error_Handler	8	static,ignoring_inline_asm
